created graph graphA
added node n1 to graphA
added node n2 to graphA
added node n3 to graphA
added edge e1 from n1 to n2 in graphA
added edge e2 from n2 to n3 in graphA
added edge e3 from n3 to n1 in graphA
the children of n1 in graphA are: n2(e1)
the children of n2 in graphA are: n3(e2)
the children of n3 in graphA are: n1(e3)